// Jest Snapshot v1, https://goo.gl/fbAQLP

exports[`ontario-textarea snapshot should render the expected html 1`] = `
<ontario-textarea caption="{&quot;captionText&quot;: &quot;Ontario Textarea&quot;}" element-id="ontario-textarea" name="ontario-textarea">
  <template shadowrootmode="open">
    <div class="ontario-form-group">
      <label class="ontario-label" htmlfor="ontario-textarea">
        Ontario Textarea
        <span class="ontario-label__flag">
          (optional)
        </span>
      </label>
      <div class="ontario-error-messaging ontario-error__hidden" role="alert">
        <ontario-icon-alert-error></ontario-icon-alert-error>
        <div class="ontario-error-messaging__content"></div>
      </div><textarea class="ontario-textarea" id="ontario-textarea" name="ontario-textarea" value=""></textarea>
    </div>
  </template>
</ontario-textarea>
`;
