// Jest Snapshot v1, https://goo.gl/fbAQLP

exports[`ontario-hint-text snapshot should render the expected html 1`] = `
<ontario-hint-text element-id="idTest" hint="This is a test hint">
  <template shadowrootmode="open">
    <p class="ontario-hint" id="idTest">
      This is a test hint
    </p>
  </template>
</ontario-hint-text>
`;
