// Jest Snapshot v1, https://goo.gl/fbAQLP

exports[`ontario-back-to-top should render the expected html 1`] = `
<ontario-back-to-top>
  <template shadowrootmode="open">
    <button aria-label="Scroll back to the top" class="ontario-back-to-top">
      <span aria-hidden="true"></span>
      Top
    </button>
  </template>
</ontario-back-to-top>
`;
