// Jest Snapshot v1, https://goo.gl/fbAQLP

exports[`ontario-language-toggle snapshot should render the expected html 1`] = `
<ontario-language-toggle>
  <template shadowrootmode="open">
    <a aria-label="Cliquez pour changer la langue en français" class="ontario-language-toggler ontario-language-toggler--default" href="#" hreflang="fr" lang="fr">
      <abbr class="ontario-show-for-small-only" title="Français">
        FR
      </abbr>
      <span class="ontario-show-for-medium">
        Français
      </span>
    </a>
  </template>
</ontario-language-toggle>
`;
